// Jest Snapshot v1, https://goo.gl/fbAQLP

exports[`App testing should rendered correctly 1`] = `
<div
  className="sc-bxivhb kYkLkP"
/>
`;
